RunTag,False,,
BEGIN,
	Active,True,
	Title,FCA_Hourly_ACC_Flow,
	Dsn,SQL,
	Table,FCA_HOURLY_ACC_FLOW,
	Cycle,3600000,
	SaveAsNextTime,False,
	RelationDuplex,False,
	RelationSaveMinute,False,,
	RelationSaveHour,False,,
	RelationSaveDay,False,,
	RelationSaveMonth,False,,
	RelationSaveYear,False,,
	sColumnDate,DataSavedTime,
	sColumnMilli,MilliSecond,
	nDateType,1,
	Member,FC_A.RUN1.ACC.TOT.VOL_FLOW,ACC_VOL_1,Moment,
	Member,FC_A.RUN1.ACC.TOT.MASS_FLOW,ACC_MASS_1,Moment,
	Member,FC_A.RUN1.ACC.TOT.ENE_FLOW,ACC_ENE_1,Moment,
	Member,FC_A.RUN2.ACC.TOT.VOL_FLOW,ACC_VOL_2,Moment,
	Member,FC_A.RUN2.ACC.TOT.MASS_FLOW,ACC_MASS_2,Moment,
	Member,FC_A.RUN2.ACC.TOT.ENE_FLOW,ACC_ENE_2,Moment,
	Member,FC_A.RUN3.ACC.TOT.VOL_FLOW,ACC_VOL_3,Moment,
	Member,FC_A.RUN3.ACC.TOT.MASS_FLOW,ACC_MASS_3,Moment,
	Member,FC_A.RUN3.ACC.TOT.ENE_FLOW,ACC_ENE_3,Moment,
	Member,FC_A.RUN4.ACC.TOT.VOL_FLOW,ACC_VOL_4,Moment,
	Member,FC_A.RUN4.ACC.TOT.MASS_FLOW,ACC_MASS_4,Moment,
	Member,FC_A.RUN4.ACC.TOT.ENE_FLOW,ACC_ENE_4,Moment,
	Member,FC_A.STN.ACC.TOT.VOL_FLOW,ACC_VOL_TOT,Moment,
	Member,FC_A.STN.ACC.TOT.MASS_FLOW,ACC_MASS_TOT,Moment,
	Member,FC_A.STN.ACC.TOT.ENE_FLOW,ACC_ENE_TOT,Moment,
ItemRunTag,False,,
END,
BEGIN,
	Active,True,
	Title,FCB_Hourly_ACC_Flow,
	Dsn,SQL,
	Table,FCB_HOURLY_ACC_FLOW,
	Cycle,3600000,
	SaveAsNextTime,False,
	RelationDuplex,False,
	RelationSaveMinute,False,,
	RelationSaveHour,False,,
	RelationSaveDay,False,,
	RelationSaveMonth,False,,
	RelationSaveYear,False,,
	sColumnDate,DataSavedTime,
	sColumnMilli,MilliSecond,
	nDateType,1,
	Member,FC_B.RUN1.ACC.TOT.VOL_FLOW,ACC_VOL_1,Moment,
	Member,FC_B.RUN1.ACC.TOT.MASS_FLOW,ACC_MASS_1,Moment,
	Member,FC_B.RUN1.ACC.TOT.ENE_FLOW,ACC_ENE_1,Moment,
	Member,FC_B.RUN2.ACC.TOT.VOL_FLOW,ACC_VOL_2,Moment,
	Member,FC_B.RUN2.ACC.TOT.MASS_FLOW,ACC_MASS_2,Moment,
	Member,FC_B.RUN2.ACC.TOT.ENE_FLOW,ACC_ENE_2,Moment,
	Member,FC_B.RUN3.ACC.TOT.VOL_FLOW,ACC_VOL_3,Moment,
	Member,FC_B.RUN3.ACC.TOT.MASS_FLOW,ACC_MASS_3,Moment,
	Member,FC_B.RUN3.ACC.TOT.ENE_FLOW,ACC_ENE_3,Moment,
	Member,FC_B.RUN4.ACC.TOT.VOL_FLOW,ACC_VOL_4,Moment,
	Member,FC_B.RUN4.ACC.TOT.MASS_FLOW,ACC_MASS_4,Moment,
	Member,FC_B.RUN4.ACC.TOT.ENE_FLOW,ACC_ENE_4,Moment,
	Member,FC_B.STN.ACC.TOT.VOL_FLOW,ACC_VOL_TOT,Moment,
	Member,FC_B.STN.ACC.TOT.MASS_FLOW,ACC_MASS_TOT,Moment,
	Member,FC_B.STN.ACC.TOT.ENE_FLOW,ACC_ENE_TOT,Moment,
ItemRunTag,False,,
END,
